// Jest Snapshot v1, https://goo.gl/fbAQLP

exports[`Component 'Card' shallow matches the snapshot 1`] = `
<div
  className="tc bg-light-green dib br3 pa3 ma2 grow bw2 shadow-5"
>
  <img
    alt="dummy card thumbnail"
    src="https://robohash.org/0"
  />
  <h2>
    dummy card
  </h2>
  <div>
    card@card.com
  </div>
</div>
`;
